<?xml version="1.0" encoding="UTF-8"?>
<TestRun id="f69c293d-f4e0-4f1c-9cc9-73cfabffad47" name="Marcus@MARCUS-PC 2013-12-02 13:13:19" runUser="Marcus-PC\Marcus" xmlns="http://microsoft.com/schemas/VisualStudio/TeamTest/2010">
  <TestSettings name="Local" id="baba0f7b-763e-42eb-bc0f-096feac42419">
    <Description>These are default test settings for a local test run.</Description>
    <Deployment enabled="false" runDeploymentRoot="Marcus_MARCUS-PC 2013-12-02 13_13_19">
      <DeploymentItem filename="D:\_Marcus\Files\Projects\R.I. Arcadio\RIACC\RIACC\Business\bin\Debug\RIACC.Business.dll" />
      <DeploymentItem filename="D:\_Marcus\Files\Projects\R.I. Arcadio\RIACC\RIACC\packages\EntityFramework.6.0.1\lib\net40\EntityFramework.SqlServer.dll" />
      <DeploymentItem filename="D:\_Marcus\Files\Projects\R.I. Arcadio\RIACC\RIACC\packages\EntityFramework.6.0.1\lib\net40\EntityFramework.dll" />
      <DeploymentItem filename="D:\_Marcus\Files\Projects\R.I. Arcadio\RIACC\RIACC\Data\bin\Debug\RIACC.Data.dll" />
      <DeploymentItem filename="D:\_Marcus\Files\Projects\R.I. Arcadio\RIACC\RIACC\Entity\bin\Debug\RIACC.Entity.dll" />
    </Deployment>
    <Execution>
      <TestTypeSpecific>
        <UnitTestRunConfig testTypeId="13cdc9d9-ddb5-4fa4-a97d-d965ccfc6d4b">
          <AssemblyResolution>
            <TestDirectory useLoadContext="true" />
          </AssemblyResolution>
        </UnitTestRunConfig>
        <WebTestRunConfiguration testTypeId="4e7599fa-5ecb-43e9-a887-cd63cf72d207">
          <Browser name="Internet Explorer 7.0">
            <Headers>
              <Header name="User-Agent" value="Mozilla/4.0 (compatible; MSIE 7.0; Windows NT 5.1)" />
              <Header name="Accept" value="*/*" />
              <Header name="Accept-Language" value="{{$IEAcceptLanguage}}" />
              <Header name="Accept-Encoding" value="GZIP" />
            </Headers>
          </Browser>
        </WebTestRunConfiguration>
      </TestTypeSpecific>
      <AgentRule name="LocalMachineDefaultRole">
        <DataCollectors>
          <DataCollector uri="datacollector://microsoft/TestImpact/1.0" assemblyQualifiedName="Microsoft.VisualStudio.TraceCollector.TestImpactDataCollector, Microsoft.VisualStudio.TraceCollector, Version=10.0.0.0, Culture=neutral, PublicKeyToken=b03f5f7f11d50a3a" friendlyName="Test Impact">
          </DataCollector>
          <DataCollector uri="datacollector://microsoft/TraceDebugger/1.0" assemblyQualifiedName="Microsoft.VisualStudio.TraceCollector.TraceDebuggerDataCollector, Microsoft.VisualStudio.TraceCollector, Version=10.0.0.0, Culture=neutral, PublicKeyToken=b03f5f7f11d50a3a" friendlyName="IntelliTrace">
          </DataCollector>
        </DataCollectors>
      </AgentRule>
    </Execution>
  </TestSettings>
  <Times creation="2013-12-02T13:13:19.8681605+08:00" queuing="2013-12-02T13:13:24.0924021+08:00" start="2013-12-02T13:13:32.1718643+08:00" finish="2013-12-02T13:13:35.5090551+08:00" />
  <ResultSummary outcome="Error">
    <Counters total="7" executed="1" error="0" failed="0" timeout="0" aborted="1" inconclusive="0" passedButRunAborted="0" notRunnable="0" notExecuted="6" disconnected="0" warning="0" passed="0" completed="0" inProgress="0" pending="0" />
    <RunInfos>
      <RunInfo computerName="MARCUS-PC" outcome="Error" timestamp="2013-12-02T13:13:35.5070550+08:00">
        <Text>Test host process exited unexpectedly.</Text>
      </RunInfo>
    </RunInfos>
  </ResultSummary>
  <TestDefinitions>
    <UnitTest name="canGetLocationTest" storage="d:\_marcus\files\projects\r.i. arcadio\riacc\riacc\riacc_test\bin\debug\riacc_test.dll" id="eac898c7-7412-f794-355d-32130b2c5911">
      <Execution id="a71ef88a-6773-4836-b432-024cadb2614d" />
      <TestMethod codeBase="D:/_Marcus/Files/Projects/R.I. Arcadio/RIACC/RIACC/RIACC_Test/bin/Debug/RIACC_Test.DLL" adapterTypeName="Microsoft.VisualStudio.TestTools.TestTypes.Unit.UnitTestAdapter, Microsoft.VisualStudio.QualityTools.Tips.UnitTest.Adapter, Version=10.0.0.0, Culture=neutral, PublicKeyToken=b03f5f7f11d50a3a" className="RIACC_Test.LocationRepository_Test, RIACC_Test, Version=1.0.0.0, Culture=neutral, PublicKeyToken=null" name="canGetLocationTest" />
    </UnitTest>
    <UnitTest name="canSaveTransaction" storage="d:\_marcus\files\projects\r.i. arcadio\riacc\riacc\riacc_test\bin\debug\riacc_test.dll" id="d7af5b9a-6674-1a0e-5c38-398b5301ab8c">
      <Execution id="f9c7b169-ecc7-4998-91e6-4fa984b69af6" />
      <TestMethod codeBase="D:/_Marcus/Files/Projects/R.I. Arcadio/RIACC/RIACC/RIACC_Test/bin/Debug/RIACC_Test.DLL" adapterTypeName="Microsoft.VisualStudio.TestTools.TestTypes.Unit.UnitTestAdapter, Microsoft.VisualStudio.QualityTools.Tips.UnitTest.Adapter, Version=10.0.0.0, Culture=neutral, PublicKeyToken=b03f5f7f11d50a3a" className="RIACC_Test.DealerRepository_Test, RIACC_Test, Version=1.0.0.0, Culture=neutral, PublicKeyToken=null" name="canSaveTransaction" />
    </UnitTest>
    <UnitTest name="canUpdateTransactionTest" storage="d:\_marcus\files\projects\r.i. arcadio\riacc\riacc\riacc_test\bin\debug\riacc_test.dll" id="4eed32e2-bf69-679f-5759-43aff4215eb5">
      <Execution id="ce72f056-0218-478e-be0d-111878450f6c" />
      <TestMethod codeBase="D:/_Marcus/Files/Projects/R.I. Arcadio/RIACC/RIACC/RIACC_Test/bin/Debug/RIACC_Test.DLL" adapterTypeName="Microsoft.VisualStudio.TestTools.TestTypes.Unit.UnitTestAdapter, Microsoft.VisualStudio.QualityTools.Tips.UnitTest.Adapter, Version=10.0.0.0, Culture=neutral, PublicKeyToken=b03f5f7f11d50a3a" className="RIACC_Test.LocationRepository_Test, RIACC_Test, Version=1.0.0.0, Culture=neutral, PublicKeyToken=null" name="canUpdateTransactionTest" />
    </UnitTest>
    <UnitTest name="canSaveTransactionTest" storage="d:\_marcus\files\projects\r.i. arcadio\riacc\riacc\riacc_test\bin\debug\riacc_test.dll" id="e48f5eb6-9859-64bb-638c-b04e8c9e064f">
      <Execution id="63de7760-abe9-432b-8a6c-3f20725c4978" />
      <TestMethod codeBase="D:/_Marcus/Files/Projects/R.I. Arcadio/RIACC/RIACC/RIACC_Test/bin/Debug/RIACC_Test.DLL" adapterTypeName="Microsoft.VisualStudio.TestTools.TestTypes.Unit.UnitTestAdapter, Microsoft.VisualStudio.QualityTools.Tips.UnitTest.Adapter, Version=10.0.0.0, Culture=neutral, PublicKeyToken=b03f5f7f11d50a3a" className="RIACC_Test.LocationRepository_Test, RIACC_Test, Version=1.0.0.0, Culture=neutral, PublicKeyToken=null" name="canSaveTransactionTest" />
    </UnitTest>
    <UnitTest name="LocationRepositoryConstructorTest" storage="d:\_marcus\files\projects\r.i. arcadio\riacc\riacc\riacc_test\bin\debug\riacc_test.dll" id="401b05ba-0707-db57-bc6a-847a3adb75e6">
      <Execution id="49ccf41e-c2d4-4c4e-9b5f-c33d4bec87e1" />
      <TestMethod codeBase="D:/_Marcus/Files/Projects/R.I. Arcadio/RIACC/RIACC/RIACC_Test/bin/Debug/RIACC_Test.DLL" adapterTypeName="Microsoft.VisualStudio.TestTools.TestTypes.Unit.UnitTestAdapter, Microsoft.VisualStudio.QualityTools.Tips.UnitTest.Adapter, Version=10.0.0.0, Culture=neutral, PublicKeyToken=b03f5f7f11d50a3a" className="RIACC_Test.LocationRepository_Test, RIACC_Test, Version=1.0.0.0, Culture=neutral, PublicKeyToken=null" name="LocationRepositoryConstructorTest" />
    </UnitTest>
    <UnitTest name="canGetLocationListTest" storage="d:\_marcus\files\projects\r.i. arcadio\riacc\riacc\riacc_test\bin\debug\riacc_test.dll" id="e8e02dea-ff5b-3d83-828f-535cf92e542f">
      <Execution id="4f43cca2-84f0-479b-9d66-d5c719041f37" />
      <TestMethod codeBase="D:/_Marcus/Files/Projects/R.I. Arcadio/RIACC/RIACC/RIACC_Test/bin/Debug/RIACC_Test.DLL" adapterTypeName="Microsoft.VisualStudio.TestTools.TestTypes.Unit.UnitTestAdapter, Microsoft.VisualStudio.QualityTools.Tips.UnitTest.Adapter, Version=10.0.0.0, Culture=neutral, PublicKeyToken=b03f5f7f11d50a3a" className="RIACC_Test.LocationRepository_Test, RIACC_Test, Version=1.0.0.0, Culture=neutral, PublicKeyToken=null" name="canGetLocationListTest" />
    </UnitTest>
    <UnitTest name="canDeleteTransactionTest" storage="d:\_marcus\files\projects\r.i. arcadio\riacc\riacc\riacc_test\bin\debug\riacc_test.dll" id="9fbe46c2-f6ab-485d-72e6-a6cfb33185f4">
      <Execution id="757bade4-ef53-4c28-9f23-21f9285d458d" />
      <TestMethod codeBase="D:/_Marcus/Files/Projects/R.I. Arcadio/RIACC/RIACC/RIACC_Test/bin/Debug/RIACC_Test.DLL" adapterTypeName="Microsoft.VisualStudio.TestTools.TestTypes.Unit.UnitTestAdapter, Microsoft.VisualStudio.QualityTools.Tips.UnitTest.Adapter, Version=10.0.0.0, Culture=neutral, PublicKeyToken=b03f5f7f11d50a3a" className="RIACC_Test.LocationRepository_Test, RIACC_Test, Version=1.0.0.0, Culture=neutral, PublicKeyToken=null" name="canDeleteTransactionTest" />
    </UnitTest>
  </TestDefinitions>
  <TestLists>
    <TestList name="Results Not in a List" id="8c84fa94-04c1-424b-9868-57a2d4851a1d" />
    <TestList name="All Loaded Results" id="19431567-8539-422a-85d7-44ee4e166bda" />
  </TestLists>
  <TestEntries>
    <TestEntry testId="401b05ba-0707-db57-bc6a-847a3adb75e6" executionId="49ccf41e-c2d4-4c4e-9b5f-c33d4bec87e1" testListId="8c84fa94-04c1-424b-9868-57a2d4851a1d" />
    <TestEntry testId="4eed32e2-bf69-679f-5759-43aff4215eb5" executionId="ce72f056-0218-478e-be0d-111878450f6c" testListId="8c84fa94-04c1-424b-9868-57a2d4851a1d" />
    <TestEntry testId="9fbe46c2-f6ab-485d-72e6-a6cfb33185f4" executionId="757bade4-ef53-4c28-9f23-21f9285d458d" testListId="8c84fa94-04c1-424b-9868-57a2d4851a1d" />
    <TestEntry testId="d7af5b9a-6674-1a0e-5c38-398b5301ab8c" executionId="f9c7b169-ecc7-4998-91e6-4fa984b69af6" testListId="8c84fa94-04c1-424b-9868-57a2d4851a1d" />
    <TestEntry testId="e48f5eb6-9859-64bb-638c-b04e8c9e064f" executionId="63de7760-abe9-432b-8a6c-3f20725c4978" testListId="8c84fa94-04c1-424b-9868-57a2d4851a1d" />
    <TestEntry testId="e8e02dea-ff5b-3d83-828f-535cf92e542f" executionId="4f43cca2-84f0-479b-9d66-d5c719041f37" testListId="8c84fa94-04c1-424b-9868-57a2d4851a1d" />
    <TestEntry testId="eac898c7-7412-f794-355d-32130b2c5911" executionId="a71ef88a-6773-4836-b432-024cadb2614d" testListId="8c84fa94-04c1-424b-9868-57a2d4851a1d" />
  </TestEntries>
  <Results>
    <UnitTestResult executionId="49ccf41e-c2d4-4c4e-9b5f-c33d4bec87e1" testId="401b05ba-0707-db57-bc6a-847a3adb75e6" testName="LocationRepositoryConstructorTest" computerName="MARCUS-PC" duration="00:00:02.9781704" startTime="2013-12-02T13:13:32.5298847+08:00" endTime="2013-12-02T13:13:35.5080551+08:00" testType="13cdc9d9-ddb5-4fa4-a97d-d965ccfc6d4b" outcome="Aborted" testListId="8c84fa94-04c1-424b-9868-57a2d4851a1d" relativeResultsDirectory="49ccf41e-c2d4-4c4e-9b5f-c33d4bec87e1">
    </UnitTestResult>
    <UnitTestResult executionId="ce72f056-0218-478e-be0d-111878450f6c" testId="4eed32e2-bf69-679f-5759-43aff4215eb5" testName="canUpdateTransactionTest" computerName="MARCUS-PC" testType="13cdc9d9-ddb5-4fa4-a97d-d965ccfc6d4b" outcome="NotExecuted" testListId="8c84fa94-04c1-424b-9868-57a2d4851a1d" relativeResultsDirectory="ce72f056-0218-478e-be0d-111878450f6c">
    </UnitTestResult>
    <UnitTestResult executionId="757bade4-ef53-4c28-9f23-21f9285d458d" testId="9fbe46c2-f6ab-485d-72e6-a6cfb33185f4" testName="canDeleteTransactionTest" computerName="MARCUS-PC" testType="13cdc9d9-ddb5-4fa4-a97d-d965ccfc6d4b" outcome="NotExecuted" testListId="8c84fa94-04c1-424b-9868-57a2d4851a1d" relativeResultsDirectory="757bade4-ef53-4c28-9f23-21f9285d458d">
    </UnitTestResult>
    <UnitTestResult executionId="f9c7b169-ecc7-4998-91e6-4fa984b69af6" testId="d7af5b9a-6674-1a0e-5c38-398b5301ab8c" testName="canSaveTransaction" computerName="MARCUS-PC" testType="13cdc9d9-ddb5-4fa4-a97d-d965ccfc6d4b" outcome="NotExecuted" testListId="8c84fa94-04c1-424b-9868-57a2d4851a1d" relativeResultsDirectory="f9c7b169-ecc7-4998-91e6-4fa984b69af6">
    </UnitTestResult>
    <UnitTestResult executionId="63de7760-abe9-432b-8a6c-3f20725c4978" testId="e48f5eb6-9859-64bb-638c-b04e8c9e064f" testName="canSaveTransactionTest" computerName="MARCUS-PC" testType="13cdc9d9-ddb5-4fa4-a97d-d965ccfc6d4b" outcome="NotExecuted" testListId="8c84fa94-04c1-424b-9868-57a2d4851a1d" relativeResultsDirectory="63de7760-abe9-432b-8a6c-3f20725c4978">
    </UnitTestResult>
    <UnitTestResult executionId="4f43cca2-84f0-479b-9d66-d5c719041f37" testId="e8e02dea-ff5b-3d83-828f-535cf92e542f" testName="canGetLocationListTest" computerName="MARCUS-PC" testType="13cdc9d9-ddb5-4fa4-a97d-d965ccfc6d4b" outcome="NotExecuted" testListId="8c84fa94-04c1-424b-9868-57a2d4851a1d" relativeResultsDirectory="4f43cca2-84f0-479b-9d66-d5c719041f37">
    </UnitTestResult>
    <UnitTestResult executionId="a71ef88a-6773-4836-b432-024cadb2614d" testId="eac898c7-7412-f794-355d-32130b2c5911" testName="canGetLocationTest" computerName="MARCUS-PC" testType="13cdc9d9-ddb5-4fa4-a97d-d965ccfc6d4b" outcome="NotExecuted" testListId="8c84fa94-04c1-424b-9868-57a2d4851a1d" relativeResultsDirectory="a71ef88a-6773-4836-b432-024cadb2614d">
    </UnitTestResult>
  </Results>
</TestRun>